// Jest Snapshot v1, https://goo.gl/fbAQLP

exports[`main component un-Connected component matches snapshot 1`] = `<Fragment />`;
