// Jest Snapshot v1, https://goo.gl/fbAQLP

exports[`Router matches snapshot 1`] = `
<div>
  <Switch>
    <GARoute
      component={[MockFunction]}
      exact={true}
      ga={Object {}}
      path="/"
    />
    <GARoute
      component={[Function]}
      exact={true}
      ga={Object {}}
      path="/flight/:id"
    />
    <GARoute
      component={[Function]}
      exact={true}
      ga={Object {}}
      path="/passenger/:slug"
    />
    <Route
      component={[Function]}
      exact={true}
      path="/login"
    />
    <PrivateRoute
      exact={true}
      path="/admin"
    >
      <Suspense
        fallback={<_default />}
      >
        <lazy />
      </Suspense>
    </PrivateRoute>
    <GARoute
      component={[MockFunction]}
      ga={Object {}}
    />
  </Switch>
</div>
`;
