// Jest Snapshot v1, https://goo.gl/fbAQLP

exports[`home component matches snapshot 1`] = `<Fragment />`;
