// Jest Snapshot v1, https://goo.gl/fbAQLP

exports[`Flight page container details rendering passengers listing matches snapshot 1`] = `
<div
  className="passengers"
>
  <ul>
    <li
      key="bill-clinton"
    >
      <Link
        className="link"
        to="/passenger/bill-clinton"
      >
        <a
          href="/passenger/bill-clinton"
        >
          Bill Clinton
        </a>
      </Link>
    </li>
    <hr />
    <span
      className="explainLiteral"
    >
      <span>
        As well as the following, who 
      </span>
      <HashLink
        className="link"
        to="/about#why-are-some-entries-not-linked-to-an-identified-passenger"
      >
        <Link
          className="link"
          onClick={[Function]}
          to="/about#why-are-some-entries-not-linked-to-an-identified-passenger"
        >
          <a
            href="/about#why-are-some-entries-not-linked-to-an-identified-passenger"
          >
            have not been linked to an identified passenger
          </a>
        </Link>
      </HashLink>
      :
    </span>
    <li
      className="noslug"
      key="ABC"
    >
      <span>
        “ABC”
      </span>
    </li>
  </ul>
</div>
`;

exports[`Flight page container details rendering renders spinner while query is loading 1`] = `
<_default
  match={
    Object {
      "params": Object {
        "id": 65,
      },
    }
  }
>
  <_default
    text={true}
  >
    <div
      className="spinWrap"
    >
      <div
        className="spinner"
      />
      <span
        className="spinText"
      >
        Hang tight!
      </span>
    </div>
  </_default>
</_default>
`;

exports[`Flight page container details rendering when encountering network error does not error out the component 1`] = `
<_default
  match={
    Object {
      "params": Object {
        "id": 205,
      },
    }
  }
>
  <_default>
    <h3
      className="errorHeader"
    >
      Something went wrong.
    </h3>
  </_default>
</_default>
`;
